Microchip MPLAB XC8 Compiler V2.05 ()

Linker command line:

-W-3 --edf=C:\Program Files (x86)\Microchip\xc8\v2.05\pic\dat\en_msgs.txt \
  -cs -h+dist/default/production\LAB5_MASTER.X.production.sym \
  --cmf=dist/default/production\LAB5_MASTER.X.production.cmf -z -Q16F887 \
  -oC:\Users\ICHELECE\AppData\Local\Temp\sed0.2 --defsym=__MPLAB_BUILD=1 \
  -Mdist/default/production/LAB5_MASTER.X.production.map -E1 -ver=XC8 \
  --acfsm=1493 -ASTACK=0110h-016Fh -pstack=STACK -ACODE=00h-07FFhx4 \
  -ASTRCODE=00h-01FFFh -ASTRING=00h-0FFhx32 -ACONST=00h-0FFhx32 \
  -AENTRY=00h-0FFhx32 -ACOMMON=070h-07Fh -ABANK0=020h-06Fh \
  -ABANK1=0A0h-0EFh -ABANK2=0110h-016Fh -ABANK3=0190h-01EFh \
  -ARAM=020h-06Fh,0A0h-0EFh,0110h-016Fh,0190h-01EFh \
  -AABS1=020h-07Fh,0A0h-0EFh,0110h-016Fh,0190h-01EFh -ASFR0=00h-01Fh \
  -ASFR1=080h-09Fh -ASFR2=0100h-010Fh -ASFR3=0180h-018Fh \
  -preset_vec=00h,intentry,init,end_init -ppowerup=CODE -pcinit=CODE \
  -pfunctab=ENTRY -ACONFIG=02007h-02008h -pconfig=CONFIG -DCONFIG=2 \
  -AIDLOC=02000h-02003h -pidloc=IDLOC -DIDLOC=2 -AEEDATA=00h-0FFh/02100h \
  -peeprom_data=EEDATA -DEEDATA=2 -DCODE=2 -DSTRCODE=2 -DSTRING=2 -DCONST=2 \
  -DENTRY=2 -k C:\Users\ICHELECE\AppData\Local\Temp\sed0.o \
  dist/default/production\LAB5_MASTER.X.production.o 

Object code version is 3.11

Machine type is 16F887



                Name                               Link     Load   Length Selector   Space Scale
C:\Users\ICHELECE\AppData\Local\Temp\sed0.o
                end_init                              0        0        3        0       0
                config                             2007     2007        2     400E       0
dist/default/production\LAB5_MASTER.X.production.o
                cinit                               7F1      7F1        F      FE2       0
                text38                             1BBF     1BBF       5E     377E       0
                text37                             1A22     1A22       36     3444       0
                text36                             18DF     18DF        9     31BE       0
                text35                             19C4     19C4       2C     3388       0
                text34                             18C1     18C1        7     3182       0
                text33                             18C8     18C8        7     3190       0
                text32                             18CF     18CF        8     319E       0
                text31                               C1       C1       2E      182       0
                text30                             1927     1927       1B     324E       0
                text29                             1CED     1CED       7F     39DA       0
                text28                             1942     1942       1C     3284       0
                text27                             18FF     18FF        F     31FE       0
                text26                             1A94     1A94       3D     3528       0
                text25                             15A5     15A5      25B     2B4A       0
                text24                             190E     190E       19     321C       0
                text23                             195E     195E       21     32BC       0
                text22                             1001     1001       9E     2002       0
                text21                             1AD1     1AD1       48     35A2       0
                text20                             1D6C     1D6C       93     3AD8       0
                text19                             18E8     18E8        9     31D0       0
                text18                             1142     1142      22F     2284       0
                text17                             197F     197F       22     32FE       0
                text16                             1C80     1C80       6D     3900       0
                text15                              803      803       4C     1006       0
                text14                             109F     109F       A3     213E       0
                text13                              8F8      8F8       AA     11F0       0
                text12                              84F      84F       A9     109E       0
                text11                             19A1     19A1       23     3342       0
                text10                              9A2      9A2      315     1344       0
                text9                              1A58     1A58       3C     34B0       0
                text8                              19F0     19F0       32     33E0       0
                text7                              1DFF     1DFF      201     3BFE       0
                text6                              18F1     18F1        E     31E2       0
                text5                              1B64     1B64       5B     36C8       0
                text4                              1B19     1B19       4B     3632       0
                text3                               CB7      CB7      349     196E       0
                text2                                EF       EF      702      1DE       0
                text1                              1C1D     1C1D       63     383A       0
                maintext                           1371     1371      234     26E2       0
                cstackBANK0                          20       20       4E       20       1
                cstackCOMMON                         70       70        E       70       1
                cstackBANK1                          A0       A0       28       A0       1
                clrtext                            18D7     18D7        8     31AE       0
                bssBANK1                             C8       C8       27       A0       1
                bssBANK0                             6E       6E        2       20       1
                strings                               3        3       BC        6       0

TOTAL           Name                               Link     Load   Length     Space
        CLASS   STACK          

        CLASS   CODE           
                end_init                              0        0        3         0
                cinit                               7F1      7F1        F         0
                text38                             1BBF     1BBF       5E         0
                text37                             1A22     1A22       36         0
                text36                             18DF     18DF        9         0
                text35                             19C4     19C4       2C         0
                text34                             18C1     18C1        7         0
                text33                             18C8     18C8        7         0
                text32                             18CF     18CF        8         0
                text31                               C1       C1       2E         0
                text30                             1927     1927       1B         0
                text29                             1CED     1CED       7F         0
                text28                             1942     1942       1C         0
                text27                             18FF     18FF        F         0
                text26                             1A94     1A94       3D         0
                text25                             15A5     15A5      25B         0
                text24                             190E     190E       19         0
                text23                             195E     195E       21         0
                text22                             1001     1001       9E         0
                text21                             1AD1     1AD1       48         0
                text20                             1D6C     1D6C       93         0
                text19                             18E8     18E8        9         0
                text18                             1142     1142      22F         0
                text17                             197F     197F       22         0
                text16                             1C80     1C80       6D         0
                text15                              803      803       4C         0
                text14                             109F     109F       A3         0
                text13                              8F8      8F8       AA         0
                text12                              84F      84F       A9         0
                text11                             19A1     19A1       23         0
                text10                              9A2      9A2      315         0
                text9                              1A58     1A58       3C         0
                text8                              19F0     19F0       32         0
                text7                              1DFF     1DFF      201         0
                text6                              18F1     18F1        E         0
                text5                              1B64     1B64       5B         0
                text4                              1B19     1B19       4B         0
                text3                               CB7      CB7      349         0
                text2                                EF       EF      702         0
                text1                              1C1D     1C1D       63         0
                maintext                           1371     1371      234         0
                clrtext                            18D7     18D7        8         0

        CLASS   STRCODE        

        CLASS   STRING         
                strings                               3        3       BC         0

        CLASS   CONST          

        CLASS   ENTRY          

        CLASS   COMMON         
                cstackCOMMON                         70       70        E         1

        CLASS   BANK0          
                cstackBANK0                          20       20       4E         1
                bssBANK0                             6E       6E        2         1

        CLASS   BANK1          
                cstackBANK1                          A0       A0       28         1
                bssBANK1                             C8       C8       27         1

        CLASS   BANK2          

        CLASS   BANK3          

        CLASS   RAM            

        CLASS   ABS1           
                abs_s1                               7E       7E        2         1

        CLASS   SFR0           

        CLASS   SFR1           

        CLASS   SFR2           

        CLASS   SFR3           

        CLASS   CONFIG         
                config                             2007     2007        2         0

        CLASS   IDLOC          

        CLASS   EEDATA         



SEGMENTS        Name                           Load    Length   Top    Selector   Space  Class     Delta

                reset_vec                      000000  000003  000003         0       0  CODE        2
                strings                        000003  0000BC  0000BF         6       0  STRING      2
                cstackBANK0                    000020  000050  000070        20       1  BANK0       1
                cstackCOMMON                   000070  00000E  00007E        70       1  COMMON      1
                cstackBANK1                    0000A0  00004F  0000EF        A0       1  BANK1       1
                text31                         0000C1  00002E  0000EF       182       0  CODE        2
                text2                          0000EF  000702  0007F1       1DE       0  CODE        2
                cinit                          0007F1  00000F  000800       FE2       0  CODE        2
                text15                         000803  00004C  00084F      1006       0  CODE        2
                text12                         00084F  0000A9  0008F8      109E       0  CODE        2
                text13                         0008F8  0000AA  0009A2      11F0       0  CODE        2
                text10                         0009A2  000315  000CB7      1344       0  CODE        2
                text3                          000CB7  000349  001000      196E       0  CODE        2
                text22                         001001  00009E  00109F      2002       0  CODE        2
                text14                         00109F  0000A3  001142      213E       0  CODE        2
                text18                         001142  00022F  001371      2284       0  CODE        2
                maintext                       001371  000234  0015A5      26E2       0  CODE        2
                text25                         0015A5  00025B  001800      2B4A       0  CODE        2
                text34                         0018C1  000007  0018C8      3182       0  CODE        2
                text33                         0018C8  000007  0018CF      3190       0  CODE        2
                text32                         0018CF  000008  0018D7      319E       0  CODE        2
                clrtext                        0018D7  000008  0018DF      31AE       0  CODE        2
                text36                         0018DF  000009  0018E8      31BE       0  CODE        2
                text19                         0018E8  000009  0018F1      31D0       0  CODE        2
                text6                          0018F1  00000E  0018FF      31E2       0  CODE        2
                text27                         0018FF  00000F  00190E      31FE       0  CODE        2
                text24                         00190E  000019  001927      321C       0  CODE        2
                text30                         001927  00001B  001942      324E       0  CODE        2
                text28                         001942  00001C  00195E      3284       0  CODE        2
                text23                         00195E  000021  00197F      32BC       0  CODE        2
                text17                         00197F  000022  0019A1      32FE       0  CODE        2
                text11                         0019A1  000023  0019C4      3342       0  CODE        2
                text35                         0019C4  00002C  0019F0      3388       0  CODE        2
                text8                          0019F0  000032  001A22      33E0       0  CODE        2
                text37                         001A22  000036  001A58      3444       0  CODE        2
                text9                          001A58  00003C  001A94      34B0       0  CODE        2
                text26                         001A94  00003D  001AD1      3528       0  CODE        2
                text21                         001AD1  000048  001B19      35A2       0  CODE        2
                text4                          001B19  00004B  001B64      3632       0  CODE        2
                text5                          001B64  00005B  001BBF      36C8       0  CODE        2
                text38                         001BBF  00005E  001C1D      377E       0  CODE        2
                text1                          001C1D  000063  001C80      383A       0  CODE        2
                text16                         001C80  00006D  001CED      3900       0  CODE        2
                text29                         001CED  00007F  001D6C      39DA       0  CODE        2
                text20                         001D6C  000093  001DFF      3AD8       0  CODE        2
                text7                          001DFF  000201  002000      3BFE       0  CODE        2
                config                         002007  000002  002009      400E       0  CONFIG      2


UNUSED ADDRESS RANGES

        Name                Unused          Largest block    Delta
        BANK1            00EF-00EF              1           1
        BANK2            0110-016F             60           1
        BANK3            0190-01EF             60           1
        CODE             00BF-00C0              2           2
                         0800-0802              3
                         1000-1000              1
                         1800-18C0             C1
        CONST            00BF-00C0              2           2
                         0800-0802              3
                         1000-1000              1
                         1800-18C0             C1
        EEDATA           2100-21FF            100           2
        ENTRY            00BF-00C0              2           2
                         0800-0802              3
                         1000-1000              1
                         1800-18C0             C1
        IDLOC            2000-2003              4           2
        RAM              00EF-00EF              1           1
                         0110-016F             60
                         0190-01EF             60
        SFR0             0000-001F             20           1
        SFR1             0080-009F             20           1
        SFR2             0100-010F             10           1
        SFR3             0180-018F             10           1
        STACK            0110-016F             60           1
        STRCODE          00BF-00C0              2           2
                         0800-0802              3
                         1000-1000              1
                         1800-18C0             C1
        STRING           00BF-00C0              2           2
                         0800-0802              3
                         1000-1000              1
                         1800-18C0             C1

                                  Symbol Table

?_I2C_Master_Read          cstackCOMMON 0070
?__Umul8_16                cstackCOMMON 0070
?___awdiv                  cstackCOMMON 0077
?___awmod                  cstackCOMMON 0070
?___fladd                  cstackBANK0  0052
?___fldiv                  cstackBANK0  0066
?___flmul                  cstackBANK0  0024
?___flneg                  cstackCOMMON 0070
?___flsub                  cstackBANK0  0066
?___fltol                  cstackBANK0  0051
?___lldiv                  cstackCOMMON 0070
?___llmod                  cstackCOMMON 0070
?___lwdiv                  cstackCOMMON 0076
?___lwmod                  cstackCOMMON 0070
?___wmul                   cstackCOMMON 0070
?___xxtofl                 cstackCOMMON 0070
?__div_to_l_               cstackCOMMON 0070
?__tdiv_to_l_              cstackCOMMON 0070
?_fround                   cstackBANK0  003E
?_scale                    cstackBANK0  003E
?_sprintf                  cstackBANK1  00A0
I2C_Master_Init@c          cstackBANK0  0020
I2C_Master_Read@a          cstackCOMMON 0070
I2C_Master_Read@temp       cstackCOMMON 0074
I2C_Master_Write@d         cstackCOMMON 0070
Lcd_Cmd@a                  cstackCOMMON 0070
Lcd_Set_Cursor@a           cstackCOMMON 0074
Lcd_Set_Cursor@b           cstackCOMMON 0076
Lcd_Set_Cursor@d           cstackCOMMON 0078
Lcd_Write_Char@a           cstackCOMMON 0071
Lcd_Write_String@a         cstackCOMMON 0072
Lcd_Write_String@n         cstackCOMMON 0077
_ANSEL                     (abs)        0188
_ANSELH                    (abs)        0189
_GIE                       (abs)        005F
_I2C_Master_Init           text37       1A22
_I2C_Master_Read           text35       19C4
_I2C_Master_Start          text34       18C1
_I2C_Master_Stop           text33       18C8
_I2C_Master_Wait           text36       18DF
_I2C_Master_Write          text32       18CF
_Lcd_Clear                 text30       1927
_Lcd_Cmd                   text31       00C1
_Lcd_Init                  text29       1CED
_Lcd_Set_Cursor            text28       1942
_Lcd_Write_Char            text27       18FF
_Lcd_Write_String          text26       1A94
_PEC                       bssBANK1     00DA
_PEIE                      (abs)        005E
_PORTA                     (abs)        0005
_PORTB                     (abs)        0006
_PORTD                     (abs)        0008
_PORTDbits                 (abs)        0008
_SSPADD                    (abs)        0093
_SSPBUF                    (abs)        0013
_SSPCON                    (abs)        0014
_SSPCON2                   (abs)        0091
_SSPCON2bits               (abs)        0091
_SSPIE                     (abs)        0463
_SSPIF                     (abs)        0063
_SSPSTAT                   (abs)        0094
_TRISA                     (abs)        0085
_TRISB                     (abs)        0086
_TRISC3                    (abs)        043B
_TRISC4                    (abs)        043C
_TRISCbits                 (abs)        0087
_TRISD                     (abs)        0088
__CFG_BOR4V$BOR40V         (abs)        0000
__CFG_BOREN$OFF            (abs)        0000
__CFG_CP$OFF               (abs)        0000
__CFG_CPD$OFF              (abs)        0000
__CFG_FCMEN$OFF            (abs)        0000
__CFG_FOSC$INTRC_NOCLKOUT  (abs)        0000
__CFG_IESO$OFF             (abs)        0000
__CFG_LVP$OFF              (abs)        0000
__CFG_MCLRE$OFF            (abs)        0000
__CFG_PWRTE$OFF            (abs)        0000
__CFG_WDTE$OFF             (abs)        0000
__CFG_WRT$OFF              (abs)        0000
__Habs1                    abs1         0000
__Hbank0                   bank0        0000
__Hbank1                   bank1        0000
__Hbank2                   bank2        0000
__Hbank3                   bank3        0000
__HbssBANK0                bssBANK0     0000
__HbssBANK1                bssBANK1     0000
__Hcinit                   cinit        0800
__Hclrtext                 clrtext      0000
__Hcode                    code         0000
__Hcommon                  common       0000
__Hconfig                  config       2009
__HcstackBANK0             cstackBANK0  0000
__HcstackBANK1             cstackBANK1  0000
__HcstackCOMMON            cstackCOMMON 0000
__Heeprom_data             eeprom_data  0000
__Hend_init                end_init     0003
__Hfunctab                 functab      0000
__Hidloc                   idloc        0000
__Hinit                    init         0000
__Hintentry                intentry     0000
__Hmaintext                maintext     0000
__Hpowerup                 powerup      0000
__Hram                     ram          0000
__Hreset_vec               reset_vec    0000
__Hsfr0                    sfr0         0000
__Hsfr1                    sfr1         0000
__Hsfr2                    sfr2         0000
__Hsfr3                    sfr3         0000
__Hspace_0                 (abs)        2009
__Hspace_1                 (abs)        00EF
__Hspace_2                 (abs)        0000
__Hspace_3                 (abs)        0000
__Hstack                   stack        0000
__Hstrings                 strings      0000
__Htext                    text         0000
__Labs1                    abs1         0000
__Lbank0                   bank0        0000
__Lbank1                   bank1        0000
__Lbank2                   bank2        0000
__Lbank3                   bank3        0000
__LbssBANK0                bssBANK0     0000
__LbssBANK1                bssBANK1     0000
__Lcinit                   cinit        07F1
__Lclrtext                 clrtext      0000
__Lcode                    code         0000
__Lcommon                  common       0000
__Lconfig                  config       2007
__LcstackBANK0             cstackBANK0  0000
__LcstackBANK1             cstackBANK1  0000
__LcstackCOMMON            cstackCOMMON 0000
__Leeprom_data             eeprom_data  0000
__Lend_init                end_init     0000
__Lfunctab                 functab      0000
__Lidloc                   idloc        0000
__Linit                    init         0000
__Lintentry                intentry     0000
__Lmaintext                maintext     0000
__Lpowerup                 powerup      0000
__Lram                     ram          0000
__Lreset_vec               reset_vec    0000
__Lsfr0                    sfr0         0000
__Lsfr1                    sfr1         0000
__Lsfr2                    sfr2         0000
__Lsfr3                    sfr3         0000
__Lspace_0                 (abs)        0000
__Lspace_1                 (abs)        0000
__Lspace_2                 (abs)        0000
__Lspace_3                 (abs)        0000
__Lstack                   stack        0000
__Lstrings                 strings      0000
__Ltext                    text         0000
__S0                       (abs)        2009
__S1                       (abs)        00EF
__S2                       (abs)        0000
__S3                       (abs)        0000
__Umul8_16                 text11       19A1
__Umul8_16@multiplicand    cstackCOMMON 0070
__Umul8_16@multiplier      cstackCOMMON 0078
__Umul8_16@product         cstackCOMMON 0074
__Umul8_16@word_mpld       cstackCOMMON 0076
___awdiv                   text5        1B64
___awdiv@counter           cstackBANK0  0020
___awdiv@dividend          cstackCOMMON 0079
___awdiv@divisor           cstackCOMMON 0077
___awdiv@quotient          cstackBANK0  0022
___awdiv@sign              cstackBANK0  0021
___awmod                   text4        1B19
___awmod@counter           cstackCOMMON 0075
___awmod@dividend          cstackCOMMON 0072
___awmod@divisor           cstackCOMMON 0070
___awmod@sign              cstackCOMMON 0076
___fladd                   text18       1142
___fladd@a                 cstackBANK0  0056
___fladd@aexp              cstackBANK0  0063
___fladd@b                 cstackBANK0  0052
___fladd@bexp              cstackBANK0  0064
___fladd@grs               cstackBANK0  0065
___fladd@signs             cstackBANK0  0062
___fldiv                   text25       15A5
___fldiv@a                 cstackBANK0  0066
___fldiv@aexp              cstackBANK1  00B1
___fldiv@b                 cstackBANK0  006A
___fldiv@bexp              cstackBANK1  00B0
___fldiv@grs               cstackBANK1  00AC
___fldiv@new_exp           cstackBANK1  00AA
___fldiv@rem               cstackBANK1  00A5
___fldiv@sign              cstackBANK1  00A9
___fleq                    text21       1AD1
___fleq@ff1                cstackCOMMON 0070
___fleq@ff2                cstackCOMMON 0074
___flge                    text20       1D6C
___flge@ff1                cstackCOMMON 0070
___flge@ff2                cstackCOMMON 0074
___flmul                   text10       09A2
___flmul@a                 cstackBANK0  0028
___flmul@aexp              cstackBANK0  0036
___flmul@b                 cstackBANK0  0024
___flmul@bexp              cstackBANK0  0037
___flmul@grs               cstackBANK0  0032
___flmul@prod              cstackBANK0  0038
___flmul@sign              cstackBANK0  0031
___flmul@temp              cstackBANK0  003C
___flneg                   text19       18E8
___flneg@f1                cstackCOMMON 0070
___flsub                   text17       197F
___flsub@a                 cstackBANK0  0066
___flsub@b                 cstackBANK0  006A
___fltol                   text16       1C80
___fltol@exp1              cstackBANK0  005B
___fltol@f1                cstackBANK0  0051
___fltol@sign1             cstackBANK0  005A
___int_sp                  stack        0000
___latbits                 (abs)        0002
___lldiv                   text38       1BBF
___lldiv@counter           cstackCOMMON 007D
___lldiv@dividend          cstackCOMMON 0074
___lldiv@divisor           cstackCOMMON 0070
___lldiv@quotient          cstackCOMMON 0079
___llmod                   text15       0803
___llmod@counter           cstackCOMMON 0079
___llmod@dividend          cstackCOMMON 0074
___llmod@divisor           cstackCOMMON 0070
___lwdiv                   text9        1A58
___lwdiv@counter           cstackCOMMON 007D
___lwdiv@dividend          cstackCOMMON 0078
___lwdiv@divisor           cstackCOMMON 0076
___lwdiv@quotient          cstackCOMMON 007B
___lwmod                   text8        19F0
___lwmod@counter           cstackCOMMON 0075
___lwmod@dividend          cstackCOMMON 0072
___lwmod@divisor           cstackCOMMON 0070
___sp                      stack        0000
___stackhi                 (abs)        0000
___stacklo                 (abs)        0000
___wmul                    text23       195E
___wmul@multiplicand       cstackCOMMON 0072
___wmul@multiplier         cstackCOMMON 0070
___wmul@product            cstackCOMMON 0074
___xxtofl                  text14       109F
___xxtofl@arg              cstackCOMMON 007A
___xxtofl@exp              cstackCOMMON 0079
___xxtofl@sign             cstackCOMMON 0078
___xxtofl@val              cstackCOMMON 0070
__div_to_l_                text13       08F8
__div_to_l_@cntr           cstackBANK0  0024
__div_to_l_@exp1           cstackBANK0  0025
__div_to_l_@f1             cstackCOMMON 0070
__div_to_l_@f2             cstackCOMMON 0074
__div_to_l_@quot           cstackBANK0  0020
__end_of_I2C_Master_Init   text37       1A58
__end_of_I2C_Master_Read   text35       19F0
__end_of_I2C_Master_Start  text34       18C8
__end_of_I2C_Master_Stop   text33       18CF
__end_of_I2C_Master_Wait   text36       18E8
__end_of_I2C_Master_Write  text32       18D7
__end_of_Lcd_Clear         text30       1942
__end_of_Lcd_Cmd           text31       00EF
__end_of_Lcd_Init          text29       1D6C
__end_of_Lcd_Set_Cursor    text28       195E
__end_of_Lcd_Write_Char    text27       190E
__end_of_Lcd_Write_String  text26       1AD1
__end_of__Umul8_16         text11       19C4
__end_of___awdiv           text5        1BBF
__end_of___awmod           text4        1B64
__end_of___fladd           text18       1371
__end_of___fldiv           text25       1800
__end_of___fleq            text21       1B19
__end_of___flge            text20       1DFF
__end_of___flmul           text10       0CB7
__end_of___flneg           text19       18F1
__end_of___flsub           text17       19A1
__end_of___fltol           text16       1CED
__end_of___lldiv           text38       1C1D
__end_of___llmod           text15       084F
__end_of___lwdiv           text9        1A94
__end_of___lwmod           text8        1A22
__end_of___wmul            text23       197F
__end_of___xxtofl          text14       1142
__end_of__div_to_l_        text13       09A2
__end_of__initialization   cinit        07FC
__end_of__npowers_         strings      007B
__end_of__powers_          strings      0047
__end_of__stringtab        strings      0013
__end_of__tdiv_to_l_       text12       08F8
__end_of_config            text24       1927
__end_of_dpowers           strings      00A3
__end_of_fround            text7        2000
__end_of_isdigit           text6        18FF
__end_of_main              maintext     15A5
__end_of_mapear            text22       109F
__end_of_scale             text3        1000
__end_of_sprintf           text2        07F1
__end_of_uint_to_char      text1        1C80
__initialization           cinit        07F1
__npowers_                 strings      0047
__pbssBANK0                bssBANK0     006E
__pbssBANK1                bssBANK1     00C8
__pcstackBANK0             cstackBANK0  0020
__pcstackBANK1             cstackBANK1  00A0
__pcstackCOMMON            cstackCOMMON 0070
__pmaintext                maintext     1371
__powers_                  strings      0013
__pstrings                 strings      0003
__ptext1                   text1        1C1D
__ptext10                  text10       09A2
__ptext11                  text11       19A1
__ptext12                  text12       084F
__ptext13                  text13       08F8
__ptext14                  text14       109F
__ptext15                  text15       0803
__ptext16                  text16       1C80
__ptext17                  text17       197F
__ptext18                  text18       1142
__ptext19                  text19       18E8
__ptext2                   text2        00EF
__ptext20                  text20       1D6C
__ptext21                  text21       1AD1
__ptext22                  text22       1001
__ptext23                  text23       195E
__ptext24                  text24       190E
__ptext25                  text25       15A5
__ptext26                  text26       1A94
__ptext27                  text27       18FF
__ptext28                  text28       1942
__ptext29                  text29       1CED
__ptext3                   text3        0CB7
__ptext30                  text30       1927
__ptext31                  text31       00C1
__ptext32                  text32       18CF
__ptext33                  text33       18C8
__ptext34                  text34       18C1
__ptext35                  text35       19C4
__ptext36                  text36       18DF
__ptext37                  text37       1A22
__ptext38                  text38       1BBF
__ptext4                   text4        1B19
__ptext5                   text5        1B64
__ptext6                   text6        18F1
__ptext7                   text7        1DFF
__ptext8                   text8        19F0
__ptext9                   text9        1A58
__size_of_I2C_Master_Init  (abs)        0000
__size_of_I2C_Master_Read  (abs)        0000
__size_of_I2C_Master_Start (abs)        0000
__size_of_I2C_Master_Stop  (abs)        0000
__size_of_I2C_Master_Wait  (abs)        0000
__size_of_I2C_Master_Write (abs)        0000
__size_of_Lcd_Clear        (abs)        0000
__size_of_Lcd_Cmd          (abs)        0000
__size_of_Lcd_Init         (abs)        0000
__size_of_Lcd_Set_Cursor   (abs)        0000
__size_of_Lcd_Write_Char   (abs)        0000
__size_of_Lcd_Write_String (abs)        0000
__size_of__Umul8_16        (abs)        0000
__size_of___awdiv          (abs)        0000
__size_of___awmod          (abs)        0000
__size_of___fladd          (abs)        0000
__size_of___fldiv          (abs)        0000
__size_of___fleq           (abs)        0000
__size_of___flge           (abs)        0000
__size_of___flmul          (abs)        0000
__size_of___flneg          (abs)        0000
__size_of___flsub          (abs)        0000
__size_of___fltol          (abs)        0000
__size_of___lldiv          (abs)        0000
__size_of___llmod          (abs)        0000
__size_of___lwdiv          (abs)        0000
__size_of___lwmod          (abs)        0000
__size_of___wmul           (abs)        0000
__size_of___xxtofl         (abs)        0000
__size_of__div_to_l_       (abs)        0000
__size_of__tdiv_to_l_      (abs)        0000
__size_of_config           (abs)        0000
__size_of_fround           (abs)        0000
__size_of_isdigit          (abs)        0000
__size_of_main             (abs)        0000
__size_of_mapear           (abs)        0000
__size_of_scale            (abs)        0000
__size_of_sprintf          (abs)        0000
__size_of_uint_to_char     (abs)        0000
__stringbase               strings      0012
__stringtab                strings      0003
__tdiv_to_l_               text12       084F
__tdiv_to_l_@cntr          cstackBANK0  0024
__tdiv_to_l_@exp1          cstackBANK0  0025
__tdiv_to_l_@f1            cstackCOMMON 0070
__tdiv_to_l_@f2            cstackCOMMON 0074
__tdiv_to_l_@quot          cstackBANK0  0020
_config                    text24       190E
_contador1                 bssBANK1     00DE
_dpowers                   strings      007B
_fround                    text7        1DFF
_fround$964                cstackBANK0  004D
_fround$965                cstackBANK0  0049
_isdigit                   text6        18F1
_isdigit$784               cstackCOMMON 0070
_main                      maintext     1371
_mapear                    text22       1001
_print_lcd                 bssBANK1     00DF
_scale                     text3        0CB7
_scale$966                 cstackBANK0  004C
_sprintf                   text2        00EF
_sprintf$967               cstackBANK1  00AA
_temp                      bssBANK1     00D4
_temp_LSB                  bssBANK1     00DB
_temp_MSB                  bssBANK1     00D8
_uint_to_char              text1        1C1D
_valor1                    bssBANK1     00DC
_valor_adc                 bssBANK1     00DD
btemp                      (abs)        007E
clear_ram0                 clrtext      18D7
end_of_initialization      cinit        07FC
fround@prec                cstackBANK0  0051
intlevel0                  functab      0000
intlevel1                  functab      0000
intlevel2                  functab      0000
intlevel3                  functab      0000
intlevel4                  functab      0000
intlevel5                  functab      0000
isdigit@c                  cstackCOMMON 0071
mapear@dividendo           cstackBANK0  0027
mapear@limReal             cstackCOMMON 0076
mapear@limSup              cstackCOMMON 0077
mapear@resultado           cstackBANK0  0021
mapear@valor               cstackBANK0  0020
reset_vec                  reset_vec    0000
scale@scl                  cstackBANK0  0050
sprintf@ap                 cstackBANK1  00AE
sprintf@c                  cstackBANK1  00C4
sprintf@eexp               cstackBANK1  00BB
sprintf@f                  cstackBANK1  00A0
sprintf@flag               cstackBANK1  00B3
sprintf@fval               cstackBANK1  00BD
sprintf@prec               cstackBANK1  00C2
sprintf@sp                 cstackBANK1  00C1
sprintf@tmpval             cstackBANK1  00B7
sprintf@val                cstackBANK1  00AF
sprintf@width              cstackBANK1  00B5
start                      init         0000
start_initialization       cinit        07F1
uint_to_char@numChr        cstackCOMMON 0073
uint_to_char@numero        cstackCOMMON 0072
wtemp0                     (abs)        007E


FUNCTION INFORMATION:

 *************** function _main *****************
 Defined at:
		line 41 in file "LAB_5_MASTER.c"
 Parameters:    Size  Location     Type
		None
 Auto vars:     Size  Location     Type
		None
 Return value:  Size  Location     Type
                  1    wreg      void 
 Registers used:
		wreg, fsr0l, fsr0h, status,2, status,0, btemp+1, pclath, cstack
 Tracked objects:
		On entry : 
		On exit  : 
		Unchanged: 
 Data sizes:     COMMON   BANK0   BANK1   BANK3   BANK2
      Params:         0       0       0       0       0
      Locals:         0       0       0       0       0
      Temps:          0       0       3       0       0
      Totals:         0       0       3       0       0
Total ram usage:        3 bytes
 Hardware stack levels required when called:    4
 This function calls:
		_I2C_Master_Init
		_I2C_Master_Read
		_I2C_Master_Start
		_I2C_Master_Stop
		_I2C_Master_Write
		_Lcd_Clear
		_Lcd_Init
		_Lcd_Set_Cursor
		_Lcd_Write_Char
		_Lcd_Write_String
		___fladd
		___fldiv
		___flmul
		___xxtofl
		_config
		_mapear
		_sprintf
		_uint_to_char
 This function is called by:
		Startup code after reset
 This function uses a non-reentrant model


 *************** function _uint_to_char *****************
 Defined at:
		line 193 in file "funciones0.c"
 Parameters:    Size  Location     Type
  numero          1    wreg     unsigned char 
 Auto vars:     Size  Location     Type
  numero          1    2[COMMON] unsigned char 
  numChr          1    3[COMMON] unsigned char 
 Return value:  Size  Location     Type
                  1    wreg      unsigned char 
 Registers used:
		wreg, fsr0l, fsr0h, status,2, status,0
 Tracked objects:
		On entry : 
		On exit  : 
		Unchanged: 
 Data sizes:     COMMON   BANK0   BANK1   BANK3   BANK2
      Params:         0       0       0       0       0
      Locals:         2       0       0       0       0
      Temps:          2       0       0       0       0
      Totals:         4       0       0       0       0
Total ram usage:        4 bytes
 Hardware stack levels used:    1
 This function calls:
		Nothing
 This function is called by:
		_main
 This function uses a non-reentrant model


 *************** function _sprintf *****************
 Defined at:
		line 500 in file "C:\Program Files (x86)\Microchip\xc8\v2.05\pic\sources\c90\common\doprnt.c"
 Parameters:    Size  Location     Type
  sp              1    wreg     PTR unsigned char 
		 -> print_lcd(16), 
  f               1    0[BANK1 ] PTR const unsigned char 
		 -> STR_5(6), 
 Auto vars:     Size  Location     Type
  sp              1   33[BANK1 ] PTR unsigned char 
		 -> print_lcd(16), 
  fval            4   29[BANK1 ] PTR unsigned char 
  tmpval          4   23[BANK1 ] struct .
  val             4   15[BANK1 ] unsigned long 
  prec            2   34[BANK1 ] int 
  eexp            2   27[BANK1 ] int 
  width           2   21[BANK1 ] int 
  flag            2   19[BANK1 ] unsigned short 
  cp              2    0        PTR const unsigned char 
  len             2    0        unsigned int 
  c               1   36[BANK1 ] unsigned char 
  ap              1   14[BANK1 ] PTR void [1]
		 -> ?_sprintf(2), 
  d               1    0        unsigned char 
 Return value:  Size  Location     Type
                  2    0[BANK1 ] int 
 Registers used:
		wreg, fsr0l, fsr0h, status,2, status,0, btemp+1, pclath, cstack
 Tracked objects:
		On entry : 
		On exit  : 
		Unchanged: 
 Data sizes:     COMMON   BANK0   BANK1   BANK3   BANK2
      Params:         0       0       5       0       0
      Locals:         0       0      27       0       0
      Temps:          0       0       5       0       0
      Totals:         0       0      37       0       0
Total ram usage:       37 bytes
 Hardware stack levels used:    1
 Hardware stack levels required when called:    3
 This function calls:
		___awdiv
		___fladd
		___fleq
		___flge
		___flmul
		___flneg
		___flsub
		___fltol
		___lldiv
		___llmod
		___wmul
		___xxtofl
		__div_to_l_
		__tdiv_to_l_
		_fround
		_isdigit
		_scale
 This function is called by:
		_main
 This function uses a non-reentrant model


 *************** function _scale *****************
 Defined at:
		line 433 in file "C:\Program Files (x86)\Microchip\xc8\v2.05\pic\sources\c90\common\doprnt.c"
 Parameters:    Size  Location     Type
  scl             1    wreg     char 
 Auto vars:     Size  Location     Type
  scl             1   48[BANK0 ] char 
 Return value:  Size  Location     Type
                  4   30[BANK0 ] char 
 Registers used:
		wreg, fsr0l, fsr0h, status,2, status,0, btemp+1, pclath, cstack
 Tracked objects:
		On entry : 
		On exit  : 
		Unchanged: 
 Data sizes:     COMMON   BANK0   BANK1   BANK3   BANK2
      Params:         0       4       0       0       0
      Locals:         0       5       0       0       0
      Temps:          0      10       0       0       0
      Totals:         0      19       0       0       0
Total ram usage:       19 bytes
 Hardware stack levels used:    1
 Hardware stack levels required when called:    2
 This function calls:
		___awdiv
		___awmod
		___flmul
 This function is called by:
		_sprintf
 This function uses a non-reentrant model


 *************** function ___awmod *****************
 Defined at:
		line 5 in file "C:\Program Files (x86)\Microchip\xc8\v2.05\pic\sources\c90\common\awmod.c"
 Parameters:    Size  Location     Type
  divisor         2    0[COMMON] int 
  dividend        2    2[COMMON] int 
 Auto vars:     Size  Location     Type
  sign            1    6[COMMON] unsigned char 
  counter         1    5[COMMON] unsigned char 
 Return value:  Size  Location     Type
                  2    0[COMMON] int 
 Registers used:
		wreg, status,2, status,0
 Tracked objects:
		On entry : 
		On exit  : 
		Unchanged: 
 Data sizes:     COMMON   BANK0   BANK1   BANK3   BANK2
      Params:         4       0       0       0       0
      Locals:         2       0       0       0       0
      Temps:          1       0       0       0       0
      Totals:         7       0       0       0       0
Total ram usage:        7 bytes
 Hardware stack levels used:    1
 This function calls:
		Nothing
 This function is called by:
		_scale
 This function uses a non-reentrant model


 *************** function ___awdiv *****************
 Defined at:
		line 5 in file "C:\Program Files (x86)\Microchip\xc8\v2.05\pic\sources\c90\common\awdiv.c"
 Parameters:    Size  Location     Type
  divisor         2    7[COMMON] int 
  dividend        2    9[COMMON] int 
 Auto vars:     Size  Location     Type
  quotient        2    2[BANK0 ] int 
  sign            1    1[BANK0 ] unsigned char 
  counter         1    0[BANK0 ] unsigned char 
 Return value:  Size  Location     Type
                  2    7[COMMON] int 
 Registers used:
		wreg, status,2, status,0
 Tracked objects:
		On entry : 
		On exit  : 
		Unchanged: 
 Data sizes:     COMMON   BANK0   BANK1   BANK3   BANK2
      Params:         4       0       0       0       0
      Locals:         0       4       0       0       0
      Temps:          1       0       0       0       0
      Totals:         5       4       0       0       0
Total ram usage:        9 bytes
 Hardware stack levels used:    1
 This function calls:
		Nothing
 This function is called by:
		_scale
		_sprintf
		_uint_to_array
 This function uses a non-reentrant model


 *************** function _isdigit *****************
 Defined at:
		line 8 in file "C:\Program Files (x86)\Microchip\xc8\v2.05\pic\sources\c90\common\isdigit.c"
 Parameters:    Size  Location     Type
  c               1    wreg     unsigned char 
 Auto vars:     Size  Location     Type
  c               1    1[COMMON] unsigned char 
 Return value:  Size  Location     Type
		None               void
 Registers used:
		wreg, status,2, status,0
 Tracked objects:
		On entry : 
		On exit  : 
		Unchanged: 
 Data sizes:     COMMON   BANK0   BANK1   BANK3   BANK2
      Params:         0       0       0       0       0
      Locals:         2       0       0       0       0
      Temps:          0       0       0       0       0
      Totals:         2       0       0       0       0
Total ram usage:        2 bytes
 Hardware stack levels used:    1
 This function calls:
		Nothing
 This function is called by:
		_sprintf
 This function uses a non-reentrant model


 *************** function _fround *****************
 Defined at:
		line 417 in file "C:\Program Files (x86)\Microchip\xc8\v2.05\pic\sources\c90\common\doprnt.c"
 Parameters:    Size  Location     Type
  prec            1    wreg     unsigned char 
 Auto vars:     Size  Location     Type
  prec            1   49[BANK0 ] unsigned char 
 Return value:  Size  Location     Type
                  4   30[BANK0 ] unsigned char 
 Registers used:
		wreg, fsr0l, fsr0h, status,2, status,0, btemp+1, pclath, cstack
 Tracked objects:
		On entry : 
		On exit  : 
		Unchanged: 
 Data sizes:     COMMON   BANK0   BANK1   BANK3   BANK2
      Params:         0       4       0       0       0
      Locals:         0       9       0       0       0
      Temps:          0       7       0       0       0
      Totals:         0      20       0       0       0
Total ram usage:       20 bytes
 Hardware stack levels used:    1
 Hardware stack levels required when called:    2
 This function calls:
		___flmul
		___lwdiv
		___lwmod
 This function is called by:
		_sprintf
 This function uses a non-reentrant model


 *************** function ___lwmod *****************
 Defined at:
		line 5 in file "C:\Program Files (x86)\Microchip\xc8\v2.05\pic\sources\c90\common\lwmod.c"
 Parameters:    Size  Location     Type
  divisor         2    0[COMMON] unsigned int 
  dividend        2    2[COMMON] unsigned int 
 Auto vars:     Size  Location     Type
  counter         1    5[COMMON] unsigned char 
 Return value:  Size  Location     Type
                  2    0[COMMON] unsigned int 
 Registers used:
		wreg, status,2, status,0
 Tracked objects:
		On entry : 
		On exit  : 
		Unchanged: 
 Data sizes:     COMMON   BANK0   BANK1   BANK3   BANK2
      Params:         4       0       0       0       0
      Locals:         1       0       0       0       0
      Temps:          1       0       0       0       0
      Totals:         6       0       0       0       0
Total ram usage:        6 bytes
 Hardware stack levels used:    1
 This function calls:
		Nothing
 This function is called by:
		_fround
 This function uses a non-reentrant model


 *************** function ___lwdiv *****************
 Defined at:
		line 5 in file "C:\Program Files (x86)\Microchip\xc8\v2.05\pic\sources\c90\common\lwdiv.c"
 Parameters:    Size  Location     Type
  divisor         2    6[COMMON] unsigned int 
  dividend        2    8[COMMON] unsigned int 
 Auto vars:     Size  Location     Type
  quotient        2   11[COMMON] unsigned int 
  counter         1   13[COMMON] unsigned char 
 Return value:  Size  Location     Type
                  2    6[COMMON] unsigned int 
 Registers used:
		wreg, status,2, status,0
 Tracked objects:
		On entry : 
		On exit  : 
		Unchanged: 
 Data sizes:     COMMON   BANK0   BANK1   BANK3   BANK2
      Params:         4       0       0       0       0
      Locals:         3       0       0       0       0
      Temps:          1       0       0       0       0
      Totals:         8       0       0       0       0
Total ram usage:        8 bytes
 Hardware stack levels used:    1
 This function calls:
		Nothing
 This function is called by:
		_fround
 This function uses a non-reentrant model


 *************** function ___flmul *****************
 Defined at:
		line 8 in file "C:\Program Files (x86)\Microchip\xc8\v2.05\pic\sources\c90\common\sprcmul.c"
 Parameters:    Size  Location     Type
  b               4    4[BANK0 ] unsigned int 
  a               4    8[BANK0 ] unsigned int 
 Auto vars:     Size  Location     Type
  prod            4   24[BANK0 ] struct .
  grs             4   18[BANK0 ] unsigned long 
  temp            2   28[BANK0 ] struct .
  bexp            1   23[BANK0 ] unsigned char 
  aexp            1   22[BANK0 ] unsigned char 
  sign            1   17[BANK0 ] unsigned char 
 Return value:  Size  Location     Type
                  4    4[BANK0 ] unsigned char 
 Registers used:
		wreg, status,2, status,0, btemp+1, pclath, cstack
 Tracked objects:
		On entry : 
		On exit  : 
		Unchanged: 
 Data sizes:     COMMON   BANK0   BANK1   BANK3   BANK2
      Params:         0       8       0       0       0
      Locals:         0      13       0       0       0
      Temps:          0       5       0       0       0
      Totals:         0      26       0       0       0
Total ram usage:       26 bytes
 Hardware stack levels used:    1
 Hardware stack levels required when called:    1
 This function calls:
		__Umul8_16
 This function is called by:
		_main
		_fround
		_scale
		_sprintf
 This function uses a non-reentrant model


 *************** function __Umul8_16 *****************
 Defined at:
		line 4 in file "C:\Program Files (x86)\Microchip\xc8\v2.05\pic\sources\c90\common\Umul8_16.c"
 Parameters:    Size  Location     Type
  multiplier      1    wreg     unsigned char 
  multiplicand    1    0[COMMON] unsigned char 
 Auto vars:     Size  Location     Type
  multiplier      1    8[COMMON] unsigned char 
  word_mpld       2    6[COMMON] unsigned int 
  product         2    4[COMMON] unsigned int 
 Return value:  Size  Location     Type
                  2    0[COMMON] unsigned int 
 Registers used:
		wreg, status,2, status,0
 Tracked objects:
		On entry : 
		On exit  : 
		Unchanged: 
 Data sizes:     COMMON   BANK0   BANK1   BANK3   BANK2
      Params:         2       0       0       0       0
      Locals:         5       0       0       0       0
      Temps:          2       0       0       0       0
      Totals:         9       0       0       0       0
Total ram usage:        9 bytes
 Hardware stack levels used:    1
 This function calls:
		Nothing
 This function is called by:
		___flmul
 This function uses a non-reentrant model


 *************** function __tdiv_to_l_ *****************
 Defined at:
		line 60 in file "C:\Program Files (x86)\Microchip\xc8\v2.05\pic\sources\c90\common\ftdivl.c"
 Parameters:    Size  Location     Type
  f1              4    0[COMMON] float 
  f2              4    4[COMMON] float 
 Auto vars:     Size  Location     Type
  quot            4    0[BANK0 ] unsigned long 
  exp1            1    5[BANK0 ] unsigned char 
  cntr            1    4[BANK0 ] unsigned char 
 Return value:  Size  Location     Type
                  4    0[COMMON] unsigned long 
 Registers used:
		wreg, status,2, status,0
 Tracked objects:
		On entry : 
		On exit  : 
		Unchanged: 
 Data sizes:     COMMON   BANK0   BANK1   BANK3   BANK2
      Params:         8       0       0       0       0
      Locals:         0       6       0       0       0
      Temps:          4       0       0       0       0
      Totals:        12       6       0       0       0
Total ram usage:       18 bytes
 Hardware stack levels used:    1
 This function calls:
		Nothing
 This function is called by:
		_sprintf
 This function uses a non-reentrant model


 *************** function __div_to_l_ *****************
 Defined at:
		line 60 in file "C:\Program Files (x86)\Microchip\xc8\v2.05\pic\sources\c90\common\fldivl.c"
 Parameters:    Size  Location     Type
  f1              4    0[COMMON] unsigned long 
  f2              4    4[COMMON] unsigned long 
 Auto vars:     Size  Location     Type
  quot            4    0[BANK0 ] unsigned long 
  exp1            1    5[BANK0 ] unsigned char 
  cntr            1    4[BANK0 ] unsigned char 
 Return value:  Size  Location     Type
                  4    0[COMMON] unsigned long 
 Registers used:
		wreg, status,2, status,0
 Tracked objects:
		On entry : 
		On exit  : 
		Unchanged: 
 Data sizes:     COMMON   BANK0   BANK1   BANK3   BANK2
      Params:         8       0       0       0       0
      Locals:         0       6       0       0       0
      Temps:          1       0       0       0       0
      Totals:         9       6       0       0       0
Total ram usage:       15 bytes
 Hardware stack levels used:    1
 This function calls:
		Nothing
 This function is called by:
		_sprintf
 This function uses a non-reentrant model


 *************** function ___xxtofl *****************
 Defined at:
		line 10 in file "C:\Program Files (x86)\Microchip\xc8\v2.05\pic\sources\c90\common\xxtofl.c"
 Parameters:    Size  Location     Type
  sign            1    wreg     unsigned char 
  val             4    0[COMMON] long 
 Auto vars:     Size  Location     Type
  sign            1    8[COMMON] unsigned char 
  arg             4   10[COMMON] unsigned long 
  exp             1    9[COMMON] unsigned char 
 Return value:  Size  Location     Type
                  4    0[COMMON] unsigned char 
 Registers used:
		wreg, status,2, status,0
 Tracked objects:
		On entry : 
		On exit  : 
		Unchanged: 
 Data sizes:     COMMON   BANK0   BANK1   BANK3   BANK2
      Params:         4       0       0       0       0
      Locals:         6       0       0       0       0
      Temps:          4       0       0       0       0
      Totals:        14       0       0       0       0
Total ram usage:       14 bytes
 Hardware stack levels used:    1
 This function calls:
		Nothing
 This function is called by:
		_main
		_sprintf
 This function uses a non-reentrant model


 *************** function ___llmod *****************
 Defined at:
		line 5 in file "C:\Program Files (x86)\Microchip\xc8\v2.05\pic\sources\c90\common\llmod.c"
 Parameters:    Size  Location     Type
  divisor         4    0[COMMON] unsigned long 
  dividend        4    4[COMMON] unsigned long 
 Auto vars:     Size  Location     Type
  counter         1    9[COMMON] unsigned char 
 Return value:  Size  Location     Type
                  4    0[COMMON] unsigned long 
 Registers used:
		wreg, status,2, status,0
 Tracked objects:
		On entry : 
		On exit  : 
		Unchanged: 
 Data sizes:     COMMON   BANK0   BANK1   BANK3   BANK2
      Params:         8       0       0       0       0
      Locals:         1       0       0       0       0
      Temps:          1       0       0       0       0
      Totals:        10       0       0       0       0
Total ram usage:       10 bytes
 Hardware stack levels used:    1
 This function calls:
		Nothing
 This function is called by:
		_sprintf
 This function uses a non-reentrant model


 *************** function ___fltol *****************
 Defined at:
		line 43 in file "C:\Program Files (x86)\Microchip\xc8\v2.05\pic\sources\c90\common\fltol.c"
 Parameters:    Size  Location     Type
  f1              4   49[BANK0 ] unsigned long 
 Auto vars:     Size  Location     Type
  exp1            1   59[BANK0 ] unsigned char 
  sign1           1   58[BANK0 ] unsigned char 
 Return value:  Size  Location     Type
                  4   49[BANK0 ] long 
 Registers used:
		wreg, status,2, status,0
 Tracked objects:
		On entry : 
		On exit  : 
		Unchanged: 
 Data sizes:     COMMON   BANK0   BANK1   BANK3   BANK2
      Params:         0       4       0       0       0
      Locals:         0       2       0       0       0
      Temps:          0       5       0       0       0
      Totals:         0      11       0       0       0
Total ram usage:       11 bytes
 Hardware stack levels used:    1
 This function calls:
		Nothing
 This function is called by:
		_sprintf
 This function uses a non-reentrant model


 *************** function ___flsub *****************
 Defined at:
		line 242 in file "C:\Program Files (x86)\Microchip\xc8\v2.05\pic\sources\c90\common\sprcadd.c"
 Parameters:    Size  Location     Type
  a               4   70[BANK0 ] long 
  b               4   74[BANK0 ] long 
 Auto vars:     Size  Location     Type
		None
 Return value:  Size  Location     Type
                  4   70[BANK0 ] long 
 Registers used:
		wreg, status,2, status,0, btemp+1, pclath, cstack
 Tracked objects:
		On entry : 
		On exit  : 
		Unchanged: 
 Data sizes:     COMMON   BANK0   BANK1   BANK3   BANK2
      Params:         0       8       0       0       0
      Locals:         0       0       0       0       0
      Temps:          0       0       0       0       0
      Totals:         0       8       0       0       0
Total ram usage:        8 bytes
 Hardware stack levels used:    1
 Hardware stack levels required when called:    1
 This function calls:
		___fladd
 This function is called by:
		_sprintf
 This function uses a non-reentrant model


 *************** function ___fladd *****************
 Defined at:
		line 10 in file "C:\Program Files (x86)\Microchip\xc8\v2.05\pic\sources\c90\common\sprcadd.c"
 Parameters:    Size  Location     Type
  b               4   50[BANK0 ] long 
  a               4   54[BANK0 ] long 
 Auto vars:     Size  Location     Type
  grs             1   69[BANK0 ] unsigned char 
  bexp            1   68[BANK0 ] unsigned char 
  aexp            1   67[BANK0 ] unsigned char 
  signs           1   66[BANK0 ] unsigned char 
 Return value:  Size  Location     Type
                  4   50[BANK0 ] unsigned char 
 Registers used:
		wreg, status,2, status,0, btemp+1
 Tracked objects:
		On entry : 
		On exit  : 
		Unchanged: 
 Data sizes:     COMMON   BANK0   BANK1   BANK3   BANK2
      Params:         0       8       0       0       0
      Locals:         0       4       0       0       0
      Temps:          0       8       0       0       0
      Totals:         0      20       0       0       0
Total ram usage:       20 bytes
 Hardware stack levels used:    1
 This function calls:
		Nothing
 This function is called by:
		_main
		_sprintf
		___flsub
 This function uses a non-reentrant model


 *************** function ___flneg *****************
 Defined at:
		line 15 in file "C:\Program Files (x86)\Microchip\xc8\v2.05\pic\sources\c90\common\flneg.c"
 Parameters:    Size  Location     Type
  f1              4    0[COMMON] unsigned char 
 Auto vars:     Size  Location     Type
		None
 Return value:  Size  Location     Type
                  4    0[COMMON] unsigned char 
 Registers used:
		wreg
 Tracked objects:
		On entry : 
		On exit  : 
		Unchanged: 
 Data sizes:     COMMON   BANK0   BANK1   BANK3   BANK2
      Params:         4       0       0       0       0
      Locals:         0       0       0       0       0
      Temps:          0       0       0       0       0
      Totals:         4       0       0       0       0
Total ram usage:        4 bytes
 Hardware stack levels used:    1
 This function calls:
		Nothing
 This function is called by:
		_sprintf
 This function uses a non-reentrant model


 *************** function ___flge *****************
 Defined at:
		line 4 in file "C:\Program Files (x86)\Microchip\xc8\v2.05\pic\sources\c90\common\flge.c"
 Parameters:    Size  Location     Type
  ff1             4    0[COMMON] unsigned char 
  ff2             4    4[COMMON] unsigned char 
 Auto vars:     Size  Location     Type
		None
 Return value:  Size  Location     Type
		None               void
 Registers used:
		wreg, status,2, status,0
 Tracked objects:
		On entry : 
		On exit  : 
		Unchanged: 
 Data sizes:     COMMON   BANK0   BANK1   BANK3   BANK2
      Params:         8       0       0       0       0
      Locals:         0       0       0       0       0
      Temps:          4       0       0       0       0
      Totals:        12       0       0       0       0
Total ram usage:       12 bytes
 Hardware stack levels used:    1
 This function calls:
		Nothing
 This function is called by:
		_sprintf
 This function uses a non-reentrant model


 *************** function ___fleq *****************
 Defined at:
		line 4 in file "C:\Program Files (x86)\Microchip\xc8\v2.05\pic\sources\c90\common\fleq.c"
 Parameters:    Size  Location     Type
  ff1             4    0[COMMON] unsigned char 
  ff2             4    4[COMMON] unsigned char 
 Auto vars:     Size  Location     Type
		None
 Return value:  Size  Location     Type
		None               void
 Registers used:
		wreg, status,2, status,0
 Tracked objects:
		On entry : 
		On exit  : 
		Unchanged: 
 Data sizes:     COMMON   BANK0   BANK1   BANK3   BANK2
      Params:         8       0       0       0       0
      Locals:         0       0       0       0       0
      Temps:          4       0       0       0       0
      Totals:        12       0       0       0       0
Total ram usage:       12 bytes
 Hardware stack levels used:    1
 This function calls:
		Nothing
 This function is called by:
		_sprintf
 This function uses a non-reentrant model


 *************** function _mapear *****************
 Defined at:
		line 264 in file "funciones0.c"
 Parameters:    Size  Location     Type
  valor           1    wreg     unsigned char 
  limReal         1    6[COMMON] unsigned char 
  limSup          1    7[COMMON] unsigned char 
 Auto vars:     Size  Location     Type
  valor           1    0[BANK0 ] unsigned char 
  resultado       6    1[BANK0 ] unsigned int [3]
  dividendo       2    7[BANK0 ] unsigned int 
 Return value:  Size  Location     Type
                  1    wreg      PTR unsigned int 
 Registers used:
		wreg, fsr0l, fsr0h, status,2, status,0, btemp+1, pclath, cstack
 Tracked objects:
		On entry : 
		On exit  : 
		Unchanged: 
 Data sizes:     COMMON   BANK0   BANK1   BANK3   BANK2
      Params:         2       0       0       0       0
      Locals:         0       9       0       0       0
      Temps:          4       0       0       0       0
      Totals:         6       9       0       0       0
Total ram usage:       15 bytes
 Hardware stack levels used:    1
 Hardware stack levels required when called:    1
 This function calls:
		___wmul
 This function is called by:
		_main
 This function uses a non-reentrant model


 *************** function ___wmul *****************
 Defined at:
		line 15 in file "C:\Program Files (x86)\Microchip\xc8\v2.05\pic\sources\c90\common\Umul16.c"
 Parameters:    Size  Location     Type
  multiplier      2    0[COMMON] unsigned int 
  multiplicand    2    2[COMMON] unsigned int 
 Auto vars:     Size  Location     Type
  product         2    4[COMMON] unsigned int 
 Return value:  Size  Location     Type
                  2    0[COMMON] unsigned int 
 Registers used:
		wreg, status,2, status,0
 Tracked objects:
		On entry : 
		On exit  : 
		Unchanged: 
 Data sizes:     COMMON   BANK0   BANK1   BANK3   BANK2
      Params:         4       0       0       0       0
      Locals:         2       0       0       0       0
      Temps:          0       0       0       0       0
      Totals:         6       0       0       0       0
Total ram usage:        6 bytes
 Hardware stack levels used:    1
 This function calls:
		Nothing
 This function is called by:
		_mapear
		_sprintf
		_uint_to_array
 This function uses a non-reentrant model


 *************** function _config *****************
 Defined at:
		line 107 in file "LAB_5_MASTER.c"
 Parameters:    Size  Location     Type
		None
 Auto vars:     Size  Location     Type
		None
 Return value:  Size  Location     Type
                  1    wreg      void 
 Registers used:
		status,2
 Tracked objects:
		On entry : 
		On exit  : 
		Unchanged: 
 Data sizes:     COMMON   BANK0   BANK1   BANK3   BANK2
      Params:         0       0       0       0       0
      Locals:         0       0       0       0       0
      Temps:          0       0       0       0       0
      Totals:         0       0       0       0       0
Total ram usage:        0 bytes
 Hardware stack levels used:    1
 This function calls:
		Nothing
 This function is called by:
		_main
 This function uses a non-reentrant model


 *************** function ___fldiv *****************
 Defined at:
		line 8 in file "C:\Program Files (x86)\Microchip\xc8\v2.05\pic\sources\c90\common\sprcdiv.c"
 Parameters:    Size  Location     Type
  a               4   70[BANK0 ] void 
  b               4   74[BANK0 ] void 
 Auto vars:     Size  Location     Type
  grs             4   12[BANK1 ] unsigned long 
  rem             4    5[BANK1 ] unsigned long 
  new_exp         2   10[BANK1 ] int 
  aexp            1   17[BANK1 ] unsigned char 
  bexp            1   16[BANK1 ] unsigned char 
  sign            1    9[BANK1 ] unsigned char 
 Return value:  Size  Location     Type
                  4   70[BANK0 ] unsigned char 
 Registers used:
		wreg, status,2, status,0, btemp+1
 Tracked objects:
		On entry : 
		On exit  : 
		Unchanged: 
 Data sizes:     COMMON   BANK0   BANK1   BANK3   BANK2
      Params:         0       8       0       0       0
      Locals:         0       0      13       0       0
      Temps:          0       0       5       0       0
      Totals:         0       8      18       0       0
Total ram usage:       26 bytes
 Hardware stack levels used:    1
 This function calls:
		Nothing
 This function is called by:
		_main
 This function uses a non-reentrant model


 *************** function _Lcd_Write_String *****************
 Defined at:
		line 94 in file "funciones0.c"
 Parameters:    Size  Location     Type
  a               2    2[COMMON] PTR unsigned char 
		 -> STR_6(2), print_lcd(16), STR_4(2), STR_3(2), 
		 -> STR_2(3), STR_1(13), 
 Auto vars:     Size  Location     Type
  n               2    7[COMMON] int 
 Return value:  Size  Location     Type
                  1    wreg      void 
 Registers used:
		wreg, fsr0l, fsr0h, status,2, status,0, btemp+1, pclath, cstack
 Tracked objects:
		On entry : 
		On exit  : 
		Unchanged: 
 Data sizes:     COMMON   BANK0   BANK1   BANK3   BANK2
      Params:         2       0       0       0       0
      Locals:         2       0       0       0       0
      Temps:          3       0       0       0       0
      Totals:         7       0       0       0       0
Total ram usage:        7 bytes
 Hardware stack levels used:    1
 Hardware stack levels required when called:    1
 This function calls:
		_Lcd_Write_Char
 This function is called by:
		_main
 This function uses a non-reentrant model


 *************** function _Lcd_Write_Char *****************
 Defined at:
		line 84 in file "funciones0.c"
 Parameters:    Size  Location     Type
  a               1    wreg     unsigned char 
 Auto vars:     Size  Location     Type
  a               1    1[COMMON] unsigned char 
 Return value:  Size  Location     Type
                  1    wreg      void 
 Registers used:
		wreg
 Tracked objects:
		On entry : 
		On exit  : 
		Unchanged: 
 Data sizes:     COMMON   BANK0   BANK1   BANK3   BANK2
      Params:         0       0       0       0       0
      Locals:         1       0       0       0       0
      Temps:          1       0       0       0       0
      Totals:         2       0       0       0       0
Total ram usage:        2 bytes
 Hardware stack levels used:    1
 This function calls:
		Nothing
 This function is called by:
		_main
		_Lcd_Write_String
 This function uses a non-reentrant model


 *************** function _Lcd_Set_Cursor *****************
 Defined at:
		line 68 in file "funciones0.c"
 Parameters:    Size  Location     Type
  a               2    4[COMMON] int 
  b               2    6[COMMON] int 
 Auto vars:     Size  Location     Type
  d               2    8[COMMON] int 
 Return value:  Size  Location     Type
                  1    wreg      void 
 Registers used:
		wreg, status,2, status,0, pclath, cstack
 Tracked objects:
		On entry : 
		On exit  : 
		Unchanged: 
 Data sizes:     COMMON   BANK0   BANK1   BANK3   BANK2
      Params:         4       0       0       0       0
      Locals:         2       0       0       0       0
      Temps:          0       0       0       0       0
      Totals:         6       0       0       0       0
Total ram usage:        6 bytes
 Hardware stack levels used:    1
 Hardware stack levels required when called:    1
 This function calls:
		_Lcd_Cmd
 This function is called by:
		_main
 This function uses a non-reentrant model


 *************** function _Lcd_Init *****************
 Defined at:
		line 30 in file "funciones0.c"
 Parameters:    Size  Location     Type
		None
 Auto vars:     Size  Location     Type
		None
 Return value:  Size  Location     Type
                  1    wreg      void 
 Registers used:
		wreg, status,2, status,0, pclath, cstack
 Tracked objects:
		On entry : 
		On exit  : 
		Unchanged: 
 Data sizes:     COMMON   BANK0   BANK1   BANK3   BANK2
      Params:         0       0       0       0       0
      Locals:         0       0       0       0       0
      Temps:          2       0       0       0       0
      Totals:         2       0       0       0       0
Total ram usage:        2 bytes
 Hardware stack levels used:    1
 Hardware stack levels required when called:    1
 This function calls:
		_Lcd_Cmd
 This function is called by:
		_main
 This function uses a non-reentrant model


 *************** function _Lcd_Clear *****************
 Defined at:
		line 61 in file "funciones0.c"
 Parameters:    Size  Location     Type
		None
 Auto vars:     Size  Location     Type
		None
 Return value:  Size  Location     Type
                  1    wreg      void 
 Registers used:
		wreg, status,2, status,0, pclath, cstack
 Tracked objects:
		On entry : 
		On exit  : 
		Unchanged: 
 Data sizes:     COMMON   BANK0   BANK1   BANK3   BANK2
      Params:         0       0       0       0       0
      Locals:         0       0       0       0       0
      Temps:          2       0       0       0       0
      Totals:         2       0       0       0       0
Total ram usage:        2 bytes
 Hardware stack levels used:    1
 Hardware stack levels required when called:    1
 This function calls:
		_Lcd_Cmd
 This function is called by:
		_main
 This function uses a non-reentrant model


 *************** function _Lcd_Cmd *****************
 Defined at:
		line 50 in file "funciones0.c"
 Parameters:    Size  Location     Type
  a               2    0[COMMON] int 
 Auto vars:     Size  Location     Type
		None
 Return value:  Size  Location     Type
                  1    wreg      void 
 Registers used:
		wreg
 Tracked objects:
		On entry : 
		On exit  : 
		Unchanged: 
 Data sizes:     COMMON   BANK0   BANK1   BANK3   BANK2
      Params:         2       0       0       0       0
      Locals:         0       0       0       0       0
      Temps:          2       0       0       0       0
      Totals:         4       0       0       0       0
Total ram usage:        4 bytes
 Hardware stack levels used:    1
 This function calls:
		Nothing
 This function is called by:
		_Lcd_Init
		_Lcd_Clear
		_Lcd_Set_Cursor
 This function uses a non-reentrant model


 *************** function _I2C_Master_Write *****************
 Defined at:
		line 151 in file "funciones0.c"
 Parameters:    Size  Location     Type
  d               2    0[COMMON] unsigned int 
 Auto vars:     Size  Location     Type
		None
 Return value:  Size  Location     Type
                  1    wreg      void 
 Registers used:
		wreg, status,2, status,0, pclath, cstack
 Tracked objects:
		On entry : 
		On exit  : 
		Unchanged: 
 Data sizes:     COMMON   BANK0   BANK1   BANK3   BANK2
      Params:         2       0       0       0       0
      Locals:         0       0       0       0       0
      Temps:          0       0       0       0       0
      Totals:         2       0       0       0       0
Total ram usage:        2 bytes
 Hardware stack levels used:    1
 Hardware stack levels required when called:    1
 This function calls:
		_I2C_Master_Wait
 This function is called by:
		_main
 This function uses a non-reentrant model


 *************** function _I2C_Master_Stop *****************
 Defined at:
		line 141 in file "funciones0.c"
 Parameters:    Size  Location     Type
		None
 Auto vars:     Size  Location     Type
		None
 Return value:  Size  Location     Type
                  1    wreg      void 
 Registers used:
		wreg, status,2, status,0, pclath, cstack
 Tracked objects:
		On entry : 
		On exit  : 
		Unchanged: 
 Data sizes:     COMMON   BANK0   BANK1   BANK3   BANK2
      Params:         0       0       0       0       0
      Locals:         0       0       0       0       0
      Temps:          0       0       0       0       0
      Totals:         0       0       0       0       0
Total ram usage:        0 bytes
 Hardware stack levels used:    1
 Hardware stack levels required when called:    1
 This function calls:
		_I2C_Master_Wait
 This function is called by:
		_main
 This function uses a non-reentrant model


 *************** function _I2C_Master_Start *****************
 Defined at:
		line 125 in file "funciones0.c"
 Parameters:    Size  Location     Type
		None
 Auto vars:     Size  Location     Type
		None
 Return value:  Size  Location     Type
                  1    wreg      void 
 Registers used:
		wreg, status,2, status,0, pclath, cstack
 Tracked objects:
		On entry : 
		On exit  : 
		Unchanged: 
 Data sizes:     COMMON   BANK0   BANK1   BANK3   BANK2
      Params:         0       0       0       0       0
      Locals:         0       0       0       0       0
      Temps:          0       0       0       0       0
      Totals:         0       0       0       0       0
Total ram usage:        0 bytes
 Hardware stack levels used:    1
 Hardware stack levels required when called:    1
 This function calls:
		_I2C_Master_Wait
 This function is called by:
		_main
 This function uses a non-reentrant model


 *************** function _I2C_Master_Read *****************
 Defined at:
		line 160 in file "funciones0.c"
 Parameters:    Size  Location     Type
  a               2    0[COMMON] short 
 Auto vars:     Size  Location     Type
  temp            2    4[COMMON] unsigned short 
 Return value:  Size  Location     Type
                  2    0[COMMON] short 
 Registers used:
		wreg, status,2, status,0, pclath, cstack
 Tracked objects:
		On entry : 
		On exit  : 
		Unchanged: 
 Data sizes:     COMMON   BANK0   BANK1   BANK3   BANK2
      Params:         2       0       0       0       0
      Locals:         2       0       0       0       0
      Temps:          2       0       0       0       0
      Totals:         6       0       0       0       0
Total ram usage:        6 bytes
 Hardware stack levels used:    1
 Hardware stack levels required when called:    1
 This function calls:
		_I2C_Master_Wait
 This function is called by:
		_main
 This function uses a non-reentrant model


 *************** function _I2C_Master_Wait *****************
 Defined at:
		line 118 in file "funciones0.c"
 Parameters:    Size  Location     Type
		None
 Auto vars:     Size  Location     Type
		None
 Return value:  Size  Location     Type
                  1    wreg      void 
 Registers used:
		wreg, status,2
 Tracked objects:
		On entry : 
		On exit  : 
		Unchanged: 
 Data sizes:     COMMON   BANK0   BANK1   BANK3   BANK2
      Params:         0       0       0       0       0
      Locals:         0       0       0       0       0
      Temps:          0       0       0       0       0
      Totals:         0       0       0       0       0
Total ram usage:        0 bytes
 Hardware stack levels used:    1
 This function calls:
		Nothing
 This function is called by:
		_I2C_Master_Start
		_I2C_Master_Stop
		_I2C_Master_Write
		_I2C_Master_Read
		_I2C_Master_RepeatedStart
 This function uses a non-reentrant model


 *************** function _I2C_Master_Init *****************
 Defined at:
		line 102 in file "funciones0.c"
 Parameters:    Size  Location     Type
  c               4    0[BANK0 ] const unsigned long 
 Auto vars:     Size  Location     Type
		None
 Return value:  Size  Location     Type
                  1    wreg      void 
 Registers used:
		wreg, status,2, status,0, pclath, cstack
 Tracked objects:
		On entry : 
		On exit  : 
		Unchanged: 
 Data sizes:     COMMON   BANK0   BANK1   BANK3   BANK2
      Params:         0       4       0       0       0
      Locals:         0       0       0       0       0
      Temps:          0       4       0       0       0
      Totals:         0       8       0       0       0
Total ram usage:        8 bytes
 Hardware stack levels used:    1
 Hardware stack levels required when called:    1
 This function calls:
		___lldiv
 This function is called by:
		_main
 This function uses a non-reentrant model


 *************** function ___lldiv *****************
 Defined at:
		line 5 in file "C:\Program Files (x86)\Microchip\xc8\v2.05\pic\sources\c90\common\__lldiv.c"
 Parameters:    Size  Location     Type
  divisor         4    0[COMMON] unsigned long 
  dividend        4    4[COMMON] unsigned long 
 Auto vars:     Size  Location     Type
  quotient        4    9[COMMON] unsigned long 
  counter         1   13[COMMON] unsigned char 
 Return value:  Size  Location     Type
                  4    0[COMMON] unsigned long 
 Registers used:
		wreg, status,2, status,0
 Tracked objects:
		On entry : 
		On exit  : 
		Unchanged: 
 Data sizes:     COMMON   BANK0   BANK1   BANK3   BANK2
      Params:         8       0       0       0       0
      Locals:         5       0       0       0       0
      Temps:          1       0       0       0       0
      Totals:        14       0       0       0       0
Total ram usage:       14 bytes
 Hardware stack levels used:    1
 This function calls:
		Nothing
 This function is called by:
		_I2C_Master_Init
		_sprintf
 This function uses a non-reentrant model



MODULE INFORMATION

Module		Function		Class		Link	Load	Size
C:\Program Files (x86)\Microchip\xc8\v2.05\pic\sources\c90\common\isdigit.c
		_isdigit       		CODE           	18F1	0000	15

C:\Program Files (x86)\Microchip\xc8\v2.05\pic\sources\c90\common\isdigit.c estimated size: 15

C:\Program Files (x86)\Microchip\xc8\v2.05\pic\sources\c90\common\doprnt.c
		_scale         		CODE           	0CB7	0000	842
		_sprintf       		CODE           	00EF	0000	1795
		_fround        		CODE           	1DFF	0000	514

C:\Program Files (x86)\Microchip\xc8\v2.05\pic\sources\c90\common\doprnt.c estimated size: 3151

C:\Program Files (x86)\Microchip\xc8\v2.05\pic\sources\c90\common\sprcadd.c
		___flsub       		CODE           	197F	0000	35
		___fladd       		CODE           	1142	0000	560

C:\Program Files (x86)\Microchip\xc8\v2.05\pic\sources\c90\common\sprcadd.c estimated size: 595

C:\Program Files (x86)\Microchip\xc8\v2.05\pic\sources\c90\common\llmod.c
		___llmod       		CODE           	0803	0000	77

C:\Program Files (x86)\Microchip\xc8\v2.05\pic\sources\c90\common\llmod.c estimated size: 77

C:\Program Files (x86)\Microchip\xc8\v2.05\pic\sources\c90\common\awmod.c
		___awmod       		CODE           	1B19	0000	76

C:\Program Files (x86)\Microchip\xc8\v2.05\pic\sources\c90\common\awmod.c estimated size: 76

funciones0.c
		_Lcd_Write_String		CODE           	1A94	0000	62
		_Lcd_Init      		CODE           	1CED	0000	128
		_Lcd_Write_Char		CODE           	18FF	0000	16
		_I2C_Master_Read		CODE           	19C4	0000	45
		_I2C_Master_Wait		CODE           	18DF	0000	10
		_I2C_Master_Init		CODE           	1A22	0000	55
		_I2C_Master_Stop		CODE           	18C8	0000	8
		_Lcd_Cmd       		CODE           	00C1	0000	47
		_Lcd_Set_Cursor		CODE           	1942	0000	29
		_Lcd_Clear     		CODE           	1927	0000	28
		_mapear        		CODE           	1001	0000	159
		_I2C_Master_Write		CODE           	18CF	0000	9
		_I2C_Master_Start		CODE           	18C1	0000	8
		_uint_to_char  		CODE           	1C1D	0000	100

funciones0.c estimated size: 704

C:\Program Files (x86)\Microchip\xc8\v2.05\pic\sources\c90\common\ftdivl.c
		__tdiv_to_l_   		CODE           	084F	0000	170

C:\Program Files (x86)\Microchip\xc8\v2.05\pic\sources\c90\common\ftdivl.c estimated size: 170

C:\Program Files (x86)\Microchip\xc8\v2.05\pic\sources\c90\common\lwdiv.c
		___lwdiv       		CODE           	1A58	0000	61

C:\Program Files (x86)\Microchip\xc8\v2.05\pic\sources\c90\common\lwdiv.c estimated size: 61

C:\Program Files (x86)\Microchip\xc8\v2.05\pic\sources\c90\common\fltol.c
		___fltol       		CODE           	1C80	0000	110

C:\Program Files (x86)\Microchip\xc8\v2.05\pic\sources\c90\common\fltol.c estimated size: 110

C:\Program Files (x86)\Microchip\xc8\v2.05\pic\sources\c90\common\Umul16.c
		___wmul        		CODE           	195E	0000	34

C:\Program Files (x86)\Microchip\xc8\v2.05\pic\sources\c90\common\Umul16.c estimated size: 34

C:\Program Files (x86)\Microchip\xc8\v2.05\pic\sources\c90\common\fldivl.c
		__div_to_l_    		CODE           	08F8	0000	171

C:\Program Files (x86)\Microchip\xc8\v2.05\pic\sources\c90\common\fldivl.c estimated size: 171

C:\Program Files (x86)\Microchip\xc8\v2.05\pic\sources\c90\common\flge.c
		___flge        		CODE           	1D6C	0000	148

C:\Program Files (x86)\Microchip\xc8\v2.05\pic\sources\c90\common\flge.c estimated size: 148

C:\Program Files (x86)\Microchip\xc8\v2.05\pic\sources\c90\common\awdiv.c
		___awdiv       		CODE           	1B64	0000	92

C:\Program Files (x86)\Microchip\xc8\v2.05\pic\sources\c90\common\awdiv.c estimated size: 92

shared
		__stringtab    		STRING         	0003	0000	17
		__powers_      		STRING         	0013	0000	53
		_dpowers       		STRING         	007B	0000	41
		__npowers_     		STRING         	0047	0000	53
		__initialization		CODE           	07F1	0000	12

shared estimated size: 176

C:\Program Files (x86)\Microchip\xc8\v2.05\pic\sources\c90\common\sprcmul.c
		___flmul       		CODE           	09A2	0000	790

C:\Program Files (x86)\Microchip\xc8\v2.05\pic\sources\c90\common\sprcmul.c estimated size: 790

C:\Program Files (x86)\Microchip\xc8\v2.05\pic\sources\c90\common\sprcdiv.c
		___fldiv       		CODE           	15A5	0000	604

C:\Program Files (x86)\Microchip\xc8\v2.05\pic\sources\c90\common\sprcdiv.c estimated size: 604

C:\Program Files (x86)\Microchip\xc8\v2.05\pic\sources\c90\common\flneg.c
		___flneg       		CODE           	18E8	0000	10

C:\Program Files (x86)\Microchip\xc8\v2.05\pic\sources\c90\common\flneg.c estimated size: 10

C:\Program Files (x86)\Microchip\xc8\v2.05\pic\sources\c90\common\Umul8_16.c
		__Umul8_16     		CODE           	19A1	0000	36

C:\Program Files (x86)\Microchip\xc8\v2.05\pic\sources\c90\common\Umul8_16.c estimated size: 36

LAB_5_MASTER.c
		_main          		CODE           	1371	0000	565
		_config        		CODE           	190E	0000	26

LAB_5_MASTER.c estimated size: 591

C:\Program Files (x86)\Microchip\xc8\v2.05\pic\sources\c90\common\xxtofl.c
		___xxtofl      		CODE           	109F	0000	164

C:\Program Files (x86)\Microchip\xc8\v2.05\pic\sources\c90\common\xxtofl.c estimated size: 164

C:\Program Files (x86)\Microchip\xc8\v2.05\pic\sources\c90\common\__lldiv.c
		___lldiv       		CODE           	1BBF	0000	95

C:\Program Files (x86)\Microchip\xc8\v2.05\pic\sources\c90\common\__lldiv.c estimated size: 95

C:\Program Files (x86)\Microchip\xc8\v2.05\pic\sources\c90\common\fleq.c
		___fleq        		CODE           	1AD1	0000	73

C:\Program Files (x86)\Microchip\xc8\v2.05\pic\sources\c90\common\fleq.c estimated size: 73

C:\Program Files (x86)\Microchip\xc8\v2.05\pic\sources\c90\common\lwmod.c
		___lwmod       		CODE           	19F0	0000	51

C:\Program Files (x86)\Microchip\xc8\v2.05\pic\sources\c90\common\lwmod.c estimated size: 51

